11.222.333.444 - - [01/Apr/2021:00:00:03 -0400] "GET /geoclient/v1/search.json?input=beach%20138th%20street%20and%20newport%20aven%20%20&app_id=xxx&app_key=yyyyyy&callback=jQuery300044053009805331644_1617249490583&_=1617249490643 HTTP/1.1" 200 201
11.222.333.444 - - [01/Apr/2021:00:00:05 -0400] "GET /geoclient/v1/address.json?houseNumber=1015&street=Boynton+Avenue&zip=10472&app_id=xxx&app_key=yyyyyyyyyyy HTTP/1.1" 200 5378
11.222.333.444 - - [01/Apr/2021:00:00:09 -0400] "GET /geoclient/v1/address.json?houseNumber=83++&street=John%20St&borough=Staten%20Island&app_id=xx&app_key=yyyyyyyyyy HTTP/1.1" 200 5035
11.222.333.444 - - [01/Apr/2021:00:00:14 -0400] "GET /geoclient/v1/search.json?input=302&app_id=xxx&app_key=yyyyyyyyyyyyyyyyyyyyyyyyyyyyy&callback=jQuery300023617880938628733_1617249604774&_=1617249604775 HTTP/1.1" 200 167
11.222.333.444 - - [01/Apr/2021:00:00:14 -0400] "GET /geoclient/v1/search.json?input=302%20&app_id=xxx&app_key=yy&callback=jQuery300023617880938628733_1617249604774&_=1617249604776 HTTP/1.1" 200 168
11.222.333.444 - - [01/Apr/2021:00:00:14 -0400] "GET /geoclient/v1/search.json?input=302%20e&app_id=xxx&app_key=y&callback=jQuery300023617880938628733_1617249604774&_=1617249604777 HTTP/1.1" 200 169
11.222.333.444 - - [01/Apr/2021:00:00:15 -0400] "GET /geoclient/v1/search.json?input=302%20e%204&app_id=xxxx&app_key=yyyyyyyy&callback=jQuery300023617880938628733_1617249604774&_=1617249604779 HTTP/1.1" 200 171
11.222.333.444 - - [01/Apr/2021:00:00:15 -0400] "GET /geoclient/v1/search.json?input=302%20e%2042&app_id=xxxx&app_key=yyy&callback=jQuery300023617880938628733_1617249604774&_=1617249604780 HTTP/1.1" 200 172
11.222.333.444 - - [01/Apr/2021:00:00:16 -0400] "GET /geoclient/v1/search.json?input=302%20e%2042st&app_id=xxxx&app_key=yyyy&callback=jQuery300023617880938628733_1617249604774&_=1617249604782 HTTP/1.1" 200 5752
11.222.333.444 - - [01/Apr/2021:00:00:26 -0400] "GET /geoclient/v1/address.json?houseNumber=308&street=W+94th+St&borough=&app_id=xxx&app_key=yyyy HTTP/1.1" 200 461
11.222.333.444 - - [01/Apr/2021:00:00:26 -0400] "GET /geoclient/v1/search.json?input=140%20west%20113%20street%20nyc&app_id=xxx&app_key=yyy HTTP/1.1" 200 5368
11.222.333.444 - - [01/Apr/2021:00:00:27 -0400] "GET /geoclient/v1/address.json?houseNumber=90-19&street=Jamaica+Ave&borough=&app_id=xxxxxxxx&app_key=y HTTP/1.1" 200 467
11.222.333.444 - - [01/Apr/2021:00:00:27 -0400] "GET /geoclient/v1/address.json?houseNumber=230&street=E+179th+St&borough=&app_id=xx&app_key=yy HTTP/1.1" 200 462
11.222.333.444 - - [01/Apr/2021:00:00:27 -0400] "GET /geoclient/v1/address.json?houseNumber=1780&street=Grand+Concourse&borough=&app_id=xxxx&app_key=yyyyyyyyyyyyyyyy HTTP/1.1" 200 469
11.222.333.444 - - [01/Apr/2021:00:00:27 -0400] "GET /geoclient/v1/address.json?houseNumber=1420&street=Clay+Ave&borough=&app_id=xxx&app_key=yyyyyyyyyyyy HTTP/1.1" 200 462
11.222.333.444 - - [01/Apr/2021:00:00:27 -0400] "GET /geoclient/v1/address.json?houseNumber=1780&street=Grand+Concourse&borough=&app_id=xxxxxxxxxx&app_key=yyyyyyyyy HTTP/1.1" 200 469
11.222.333.444 - - [01/Apr/2021:00:00:27 -0400] "GET /geoclient/v1/address.json?houseNumber=1780&street=Grand+Concourse&borough=&app_id=xxxxxxxxxx&app_key=yyyyyyyyy HTTP/1.1" 200 469
11.222.333.444 - - [01/Apr/2021:00:00:27 -0400] "GET /geoclient/v1/address.json?houseNumber=1780&street=Grand+Concourse&borough=&app_id=xxxxxxxxxx&app_key=yyyyyyyyy HTTP/1.1" 200 469
11.222.333.444 - - [01/Apr/2021:00:00:27 -0400] "GET /geoclient/v1/address.json?houseNumber=1780&street=Grand+Concourse&borough=&app_id=xxxxxxxxxx&app_key=yyyyyyyyy HTTP/1.1" 200 469
11.222.333.444 - - [01/Apr/2021:00:00:28 -0400] "GET /geoclient/v1/search.json?input=6019%2078th%20&app_id=xxxxxxxxxx&app_key=yy&callback=jQuery300015991467871411214_1617249615550&_=1617249615551 HTTP/1.1" 200 174
11.222.333.444 - - [01/Apr/2021:00:00:28 -0400] "GET /geoclient/v1/search.json?app_id=xxxxxxxxx&app_key=yy&input=50%20east%203rd%20street%2C%20Manhattan HTTP/1.1" 200 5327
11.222.333.444 - - [01/Apr/2021:00:00:28 -0400] "GET /geoclient/v1/search.json?app_id=xxxxxxxxx&app_key=yy&input=50%20east%203rd%20street%2C%20Manhattan HTTP/1.1" 200 5327
11.222.333.444 - - [01/Apr/2021:00:00:28 -0400] "GET /geoclient/v1/search.json?app_id=xxxxxxxxx&app_key=yy&input=50%20east%203rd%20street%2C%20Manhattan HTTP/1.1" 200 5327
11.222.333.444 - - [01/Apr/2021:00:00:28 -0400] "GET /geoclient/v1/search.json?app_id=xxxxxxxxx&app_key=yy&input=50%20east%203rd%20street%2C%20Manhattan HTTP/1.1" 200 5327